[0/8] Building EpArch.Basic
[1/8] Building EpArch.Header
[1/8] Building EpArch.WorldCtx
[2/8] Building EpArch.Bank
[4/8] Building EpArch.Semantics.StepSemantics
[5/8] Building EpArch.Semantics.LinkingAxioms
[6/8] Building EpArch.Commitments
[7/8] Building EpArch.Meta.LeanKernel.VerificationPath
